here() starts at /Users/thiyaghessanpoongundranar/code/nccs-worktrees/nccs-data-bmf/z15
duckdb keeps downloaded extensions and secrets in a temporary directory:
ℹ /var/folders/_7/t0p9337j65scb9jh1mgk6sc40000gn/T//Rtmp5B5eMu/duckdb
This is removed when the R session ends.
• Extensions are re-downloaded each session.
• Secrets are lost.
ℹ Run duckdb(shared_home = TRUE) (or create ~/.duckdb) to keep them (suitable for most users).
ℹ Run duckdb(shared_home = FALSE) to accept the temporary directory (and silence this message).
ℹ See ?duckdb_storage for details and alternatives.
[1] 1
[1] 0
[1] 0
[1] 0
[1] 0
[2026-09-30 15:07:40] [INFO] Resolving EIN column from schemas
[2026-09-30 15:07:43] [INFO]   current EIN col = ein_1 | legacy EIN col = ein_1
[2026-09-30 15:07:43] [INFO] Building observation view over all intermediate parquets
[1] 0
[2026-09-30 15:09:25] [INFO] Aggregating per (ein, address tuple) across sources
Error in `duckdb_result()`:
! Invalid Error: Out of Memory Error: failed to offload data block of size 64.0 KiB (47.2 GiB/47.2 GiB used).
This limit was set by the 'max_temp_directory_size' setting.
By default, this setting utilizes the available disk space on the drive where the 'temp_directory' is located.
You can adjust this setting, by using (for example) PRAGMA max_temp_directory_size='10GiB'

Possible solutions:
* Reducing the number of threads (SET threads=X)
* Disabling insertion-order preservation (SET preserve_insertion_order=false)
* Increasing the memory limit (SET memory_limit='...GB')

See also https://duckdb.org/docs/stable/guides/performance/how_to_tune_workloads
ℹ Context: rapi_execute
ℹ Error type: INVALID
Backtrace:
     ▆
  1. ├─data.table::as.data.table(...)
  2. ├─DBI::dbGetQuery(duckdb_connection, "\n  SELECT ein, street, city, state, zip5,\n         SUM(vintage_count)                  AS n_vintages,\n         MIN(first_vintage_in_source)        AS first_vintage,\n         MAX(last_vintage_in_source)         AS last_vintage,\n         CASE WHEN COUNT(DISTINCT src) > 1 THEN 'both' ELSE MIN(src) END AS source\n  FROM (\n    SELECT ein, src, street, city, state, zip5,\n           COUNT(DISTINCT vintage_ym) AS vintage_count,\n           MIN(vintage_ym)            AS first_vintage_in_source,\n           MAX(vintage_ym)            AS last_vintage_in_source\n    FROM obs\n    WHERE ein IS NOT NULL AND (street IS NOT NULL OR city IS NOT NULL)\n    GROUP BY ein, src, street, city, state, zip5\n  )\n  GROUP BY ein, street, city, state, zip5")
  3. ├─DBI::dbGetQuery(duckdb_connection, "\n  SELECT ein, street, city, state, zip5,\n         SUM(vintage_count)                  AS n_vintages,\n         MIN(first_vintage_in_source)        AS first_vintage,\n         MAX(last_vintage_in_source)         AS last_vintage,\n         CASE WHEN COUNT(DISTINCT src) > 1 THEN 'both' ELSE MIN(src) END AS source\n  FROM (\n    SELECT ein, src, street, city, state, zip5,\n           COUNT(DISTINCT vintage_ym) AS vintage_count,\n           MIN(vintage_ym)            AS first_vintage_in_source,\n           MAX(vintage_ym)            AS last_vintage_in_source\n    FROM obs\n    WHERE ein IS NOT NULL AND (street IS NOT NULL OR city IS NOT NULL)\n    GROUP BY ein, src, street, city, state, zip5\n  )\n  GROUP BY ein, street, city, state, zip5")
  4. │ └─DBI (local) .local(conn, statement, ...)
  5. │   ├─DBI::dbSendQuery(conn, statement, ...)
  6. │   └─duckdb::dbSendQuery(conn, statement, ...)
  7. │     └─duckdb (local) .local(conn, statement, ...)
  8. │       └─duckdb:::duckdb_result(connection = conn, stmt_lst = stmt_lst, arrow = arrow)
  9. │         └─duckdb:::duckdb_execute(res)
 10. │           └─duckdb:::rethrow_rapi_execute(...)
 11. │             ├─rlang::try_fetch(...)
 12. │             │ ├─base::tryCatch(...)
 13. │             │ │ └─base (local) tryCatchList(expr, classes, parentenv, handlers)
 14. │             │ │   └─base (local) tryCatchOne(expr, names, parentenv, handlers[[1L]])
 15. │             │ │     └─base (local) doTryCatch(return(expr), name, parentenv, handler)
 16. │             │ └─base::withCallingHandlers(...)
 17. │             └─duckdb:::rapi_execute(stmt, convert_opts)
 18. ├─duckdb (local) `<fn>`(...)
 19. │ └─rlang::abort(error_parts, class = "duckdb_error", !!!fields)
 20. │   └─rlang:::signal_abort(cnd, .file)
 21. │     └─base::signalCondition(cnd)
 22. └─rlang (local) `<fn>`(`<dckdb_rr>`)
 23.   └─handlers[[1L]](cnd)
 24.     └─duckdb:::rethrow_error_from_rapi(e, call)
 25.       └─rlang::abort(msg, call = call)
Execution halted
